// Jest Snapshot v1, https://goo.gl/fbAQLP

exports[`<App /> renders correctly 1`] = `
<View
  style={
    Object {
      "alignItems": "center",
      "backgroundColor": "#fff",
      "flex": 1,
      "justifyContent": "center",
    }
  }
>
  <Text>
     In the name of Allah......!!!!!!! 
  </Text>
  <Text>
     In the name of Allah 
  </Text>
  <Text>
     In the name of Allah 
  </Text>
  <Text>
     In the name of Allah 
  </Text>
  <Text>
     In the name of Allah 
  </Text>
</View>
`;

exports[`<HomeScreen /> renders correctly 1`] = `
<RCTSafeAreaView
  style={
    Object {
      "backgroundColor": "#fffff",
      "flex": 1,
    }
  }
/>
`;

exports[`<SpotifyLoginScreen /> renders correctly 1`] = `
<View
  style={
    Object {
      "alignItems": "center",
      "backgroundColor": "black",
      "flex": 1,
      "justifyContent": "center",
    }
  }
>
  <View
    style={
      Object {
        "marginBottom": -40,
      }
    }
  >
    <Text
      style={
        Object {
          "color": "white",
          "fontSize": 50,
          "fontWeight": "bold",
          "textAlign": "center",
        }
      }
    >
      Welcome
      

      to
      

    </Text>
    <Image
      source={1}
      style={
        Object {
          "height": 120,
          "justifyContent": "center",
          "marginBottom": 90,
          "marginLeft": 30,
          "marginTop": -50,
          "width": 330,
        }
      }
    />
  </View>
  <View
    style={
      Object {
        "bottom": -100,
      }
    }
  >
    <View
      style={
        Array [
          Object {
            "overflow": "hidden",
          },
          Object {
            "borderRadius": 2,
          },
          Object {
            "marginHorizontal": 40,
            "marginVertical": 10,
            "width": 200,
          },
          false,
        ]
      }
      testID="RNE_BUTTON_WRAPPER"
    >
      <View
        accessibilityRole="button"
        accessibilityState={
          Object {
            "busy": false,
            "disabled": true,
          }
        }
        accessible={true}
        collapsable={false}
        focusable={true}
        onClick={[Function]}
        onResponderGrant={[Function]}
        onResponderMove={[Function]}
        onResponderRelease={[Function]}
        onResponderTerminate={[Function]}
        onResponderTerminationRequest={[Function]}
        onStartShouldSetResponder={[Function]}
        style={
          Object {
            "opacity": 1,
          }
        }
      >
        <View
          style={
            Object {
              "alignItems": "center",
              "backgroundColor": "hsl(208, 8%, 90%)",
              "borderColor": "black",
              "borderRadius": 30,
              "borderWidth": 2,
              "flexDirection": "row",
              "height": 60,
              "justifyContent": "center",
              "padding": 8,
              "paddingHorizontal": 10,
            }
          }
        >
          <Text
            style={
              Object {
                "color": "hsl(208, 8%, 63%)",
                "fontSize": 18,
                "fontWeight": "bold",
                "paddingVertical": 1,
                "textAlign": "center",
              }
            }
          >
            Login with Spotify
          </Text>
        </View>
      </View>
    </View>
  </View>
</View>
`;
